[2013-01-25 12:46:51.377] ERROR   : -                jdisc_core.app-a	my_error
[2013-01-25 12:46:51.377] WARNING : -                jdisc_core.app-a	my_warning
[2013-01-25 12:46:51.377] DEBUG   : -                jdisc_core.app-a	my_debug
[2013-01-25 12:46:51.377] UNKNOWN : -                jdisc_core.app-a	my_unknown
