[2013-01-25 12:46:51.180] INFO    : -                org.apache.felix.framework	ServiceEvent REGISTERED
[2013-01-25 12:46:51.192] INFO    : -                jdisc_core.app-a	BundleEvent INSTALLED
[2013-01-25 12:46:51.249] INFO    : -                jdisc_core.app-a	BundleEvent RESOLVED
[2013-01-25 12:46:51.249] INFO    : -                jdisc_core.app-a	BundleEvent STARTED
[2013-01-25 12:46:51.334] INFO    : -                jdisc_core.app-a	BundleEvent STOPPED
[2013-01-25 12:46:51.335] INFO    : -                jdisc_core.app-a	BundleEvent UNRESOLVED
[2013-01-25 12:46:51.335] INFO    : -                jdisc_core.app-a	BundleEvent UNINSTALLED
[2013-01-25 12:46:51.376] INFO    : -                org.apache.felix.framework	ServiceEvent REGISTERED
[2013-01-25 12:46:51.377] ERROR   : -                jdisc_core.app-a	my_error
[2013-01-25 12:46:51.377] WARNING : -                jdisc_core.app-a	my_warning
[2013-01-25 12:46:51.377] INFO    : -                jdisc_core.app-a	my_info
[2013-01-25 12:46:51.377] DEBUG   : -                jdisc_core.app-a	my_debug
[2013-01-25 12:46:51.377] UNKNOWN : -                jdisc_core.app-a	my_unknown
[2013-01-25 12:46:51.379] INFO    : -                jdisc_core.app-a	BundleEvent INSTALLED
[2013-01-25 12:46:51.383] INFO    : -                jdisc_core.app-a	BundleEvent RESOLVED
[2013-01-25 12:46:51.383] INFO    : -                jdisc_core.app-a	BundleEvent STARTED
[2013-01-25 12:46:51.389] INFO    : -                jdisc_core.app-a	BundleEvent STOPPED
[2013-01-25 12:46:51.389] INFO    : -                jdisc_core.app-a	BundleEvent UNRESOLVED
[2013-01-25 12:46:51.390] INFO    : -                jdisc_core.app-a	BundleEvent UNINSTALLED
