[2013-01-25 12:46:51.180] INFO    : 35172 -                org.apache.felix.framework	ServiceEvent REGISTERED
[2013-01-25 12:46:51.192] INFO    : 35172 -                jdisc_core.app-a	BundleEvent INSTALLED
[2013-01-25 12:46:51.249] INFO    : 35172 -                jdisc_core.app-a	BundleEvent RESOLVED
[2013-01-25 12:46:51.249] INFO    : 35172 -                jdisc_core.app-a	BundleEvent STARTED
[2013-01-25 12:46:51.334] INFO    : 35172 -                jdisc_core.app-a	BundleEvent STOPPED
[2013-01-25 12:46:51.335] INFO    : 35172 -                jdisc_core.app-a	BundleEvent UNRESOLVED
[2013-01-25 12:46:51.335] INFO    : 35172 -                jdisc_core.app-a	BundleEvent UNINSTALLED
[2013-01-25 12:46:51.376] INFO    : 35172 -                org.apache.felix.framework	ServiceEvent REGISTERED
[2013-01-25 12:46:51.377] ERROR   : 35172 -                jdisc_core.app-a	my_error
[2013-01-25 12:46:51.377] WARNING : 35172 -                jdisc_core.app-a	my_warning
[2013-01-25 12:46:51.377] INFO    : 35172 -                jdisc_core.app-a	my_info
[2013-01-25 12:46:51.379] INFO    : 35172 -                jdisc_core.app-a	BundleEvent INSTALLED
[2013-01-25 12:46:51.383] INFO    : 35172 -                jdisc_core.app-a	BundleEvent RESOLVED
[2013-01-25 12:46:51.383] INFO    : 35172 -                jdisc_core.app-a	BundleEvent STARTED
[2013-01-25 12:46:51.389] INFO    : 35172 -                jdisc_core.app-a	BundleEvent STOPPED
[2013-01-25 12:46:51.389] INFO    : 35172 -                jdisc_core.app-a	BundleEvent UNRESOLVED
[2013-01-25 12:46:51.390] INFO    : 35172 -                jdisc_core.app-a	BundleEvent UNINSTALLED
